07-08 18:07:32.776 17772 17793 I TestRunner: started: vertical_list_button_is_displayed(com.example.dogglers.ButtonTests)
07-08 18:07:32.779 17772 17793 W Settings: Setting always_finish_activities has moved from android.provider.Settings.System to android.provider.Settings.Global, returning read-only value.
07-08 18:07:32.785   733   849 D SplashScreenView: Build android.window.SplashScreenView{c890cdb V.E...... ......ID 0,0-0,0}
07-08 18:07:32.785   733   849 D SplashScreenView: Icon: view: null drawable: null size: 0
07-08 18:07:32.785   733   849 D SplashScreenView: Branding: view: android.view.View{4a76378 G.ED..... ......I. 0,0-0,0 #10204a6 android:id/splashscreen_branding_view} drawable: null size w: 0 h: 0
07-08 18:07:32.796 17772 17772 D LifecycleMonitor: Lifecycle status change: androidx.test.core.app.InstrumentationActivityInvoker$BootstrapActivity@9fed8ff in: PRE_ON_CREATE
07-08 18:07:32.797 17772 17772 V ActivityScenario: Activity lifecycle changed event received but ignored because the intent does not match. startActivityIntent=Intent { act=android.intent.action.MAIN cat=[android.intent.category.LAUNCHER] cmp=com.example.dogglers/.MainActivity }, activity.getIntent()=Intent { act=android.intent.action.MAIN cat=[android.intent.category.LAUNCHER] flg=0x10008000 cmp=com.example.dogglers/androidx.test.core.app.InstrumentationActivityInvoker$BootstrapActivity (has extras) }, activity=androidx.test.core.app.InstrumentationActivityInvoker$BootstrapActivity@9fed8ff
07-08 18:07:32.800 17772 17772 D LifecycleMonitor: Lifecycle status change: androidx.test.core.app.InstrumentationActivityInvoker$BootstrapActivity@9fed8ff in: CREATED
07-08 18:07:32.800 17772 17772 V ActivityScenario: Activity lifecycle changed event received but ignored because the intent does not match. startActivityIntent=Intent { act=android.intent.action.MAIN cat=[android.intent.category.LAUNCHER] cmp=com.example.dogglers/.MainActivity }, activity.getIntent()=Intent { act=android.intent.action.MAIN cat=[android.intent.category.LAUNCHER] flg=0x10008000 cmp=com.example.dogglers/androidx.test.core.app.InstrumentationActivityInvoker$BootstrapActivity (has extras) }, activity=androidx.test.core.app.InstrumentationActivityInvoker$BootstrapActivity@9fed8ff
07-08 18:07:32.800 17772 17772 D LifecycleMonitor: Lifecycle status change: androidx.test.core.app.InstrumentationActivityInvoker$BootstrapActivity@9fed8ff in: STARTED
07-08 18:07:32.801 17772 17772 V ActivityScenario: Activity lifecycle changed event received but ignored because the intent does not match. startActivityIntent=Intent { act=android.intent.action.MAIN cat=[android.intent.category.LAUNCHER] cmp=com.example.dogglers/.MainActivity }, activity.getIntent()=Intent { act=android.intent.action.MAIN cat=[android.intent.category.LAUNCHER] flg=0x10008000 cmp=com.example.dogglers/androidx.test.core.app.InstrumentationActivityInvoker$BootstrapActivity (has extras) }, activity=androidx.test.core.app.InstrumentationActivityInvoker$BootstrapActivity@9fed8ff
07-08 18:07:32.806   347   404 D goldfish-address-space: claimShared: Ask to claim region [0x3ec62c000 0x3ecfd0000]
07-08 18:07:32.810 17772 17772 D LifecycleMonitor: Lifecycle status change: androidx.test.core.app.InstrumentationActivityInvoker$BootstrapActivity@9fed8ff in: RESUMED
07-08 18:07:32.811 17772 17772 V ActivityScenario: Activity lifecycle changed event received but ignored because the intent does not match. startActivityIntent=Intent { act=android.intent.action.MAIN cat=[android.intent.category.LAUNCHER] cmp=com.example.dogglers/.MainActivity }, activity.getIntent()=Intent { act=android.intent.action.MAIN cat=[android.intent.category.LAUNCHER] flg=0x10008000 cmp=com.example.dogglers/androidx.test.core.app.InstrumentationActivityInvoker$BootstrapActivity (has extras) }, activity=androidx.test.core.app.InstrumentationActivityInvoker$BootstrapActivity@9fed8ff
07-08 18:07:32.811   347   404 D goldfish-address-space: claimShared: Ask to claim region [0x3ee318000 0x3eecbc000]
07-08 18:07:32.813   347   404 D goldfish-address-space: claimShared: Ask to claim region [0x3eecbc000 0x3ef660000]
07-08 18:07:32.817 17772 17772 D LifecycleMonitor: Lifecycle status change: androidx.test.core.app.InstrumentationActivityInvoker$BootstrapActivity@9fed8ff in: PAUSED
07-08 18:07:32.818 17772 17772 V ActivityScenario: Activity lifecycle changed event received but ignored because the intent does not match. startActivityIntent=Intent { act=android.intent.action.MAIN cat=[android.intent.category.LAUNCHER] cmp=com.example.dogglers/.MainActivity }, activity.getIntent()=Intent { act=android.intent.action.MAIN cat=[android.intent.category.LAUNCHER] flg=0x10008000 cmp=com.example.dogglers/androidx.test.core.app.InstrumentationActivityInvoker$BootstrapActivity (has extras) }, activity=androidx.test.core.app.InstrumentationActivityInvoker$BootstrapActivity@9fed8ff
07-08 18:07:32.823   733   858 D EGL_emulation: app_time_stats: avg=52.37ms min=0.93ms max=864.98ms count=17
07-08 18:07:32.827  1685  1685 I A       : onApplyWindowInsets: systemWindowInsets=Insets{left=0, top=145, right=0, bottom=132}
07-08 18:07:32.828  1685  1685 I A       : onApplyWindowInsets: Adjusting for display cutouts. Safe insets: left=0, top=136, right=0, bottom=0
07-08 18:07:32.830 17772 17772 D LifecycleMonitor: Lifecycle status change: com.example.dogglers.MainActivity@ee2d591 in: PRE_ON_CREATE
07-08 18:07:32.830 17772 17772 V ActivityScenario: Activity lifecycle changed event received but ignored because the reported transition was not ON_CREATE while the last known transition was PRE_ON_CREATE
07-08 18:07:32.831  1685  1685 I A       : onApplyWindowInsets: systemWindowInsets=Insets{left=0, top=145, right=0, bottom=132}
07-08 18:07:32.844 17772 17772 D LifecycleMonitor: Lifecycle status change: com.example.dogglers.MainActivity@ee2d591 in: CREATED
07-08 18:07:32.845 17772 17772 V ActivityScenario: Update currentActivityStage to CREATED, currentActivity=com.example.dogglers.MainActivity@ee2d591
07-08 18:07:32.847 17772 17772 D LifecycleMonitor: Lifecycle status change: com.example.dogglers.MainActivity@ee2d591 in: STARTED
07-08 18:07:32.847 17772 17772 V ActivityScenario: Update currentActivityStage to STARTED, currentActivity=com.example.dogglers.MainActivity@ee2d591
07-08 18:07:32.848  1417  1417 I GsaVoiceInteractionSrv: Handling ACTION_STOP_HOTWORD
07-08 18:07:32.848  1417  1417 E HwDetectorWithState: a: 3
07-08 18:07:32.849 17772 17772 D LifecycleMonitor: Lifecycle status change: com.example.dogglers.MainActivity@ee2d591 in: RESUMED
07-08 18:07:32.849 17772 17772 V ActivityScenario: Update currentActivityStage to RESUMED, currentActivity=com.example.dogglers.MainActivity@ee2d591
07-08 18:07:32.883   347   404 D goldfish-address-space: claimShared: Ask to claim region [0x3ecfd0000 0x3ed974000]
07-08 18:07:32.892   347   404 D goldfish-address-space: claimShared: Ask to claim region [0x3ed974000 0x3ee318000]
07-08 18:07:32.893   347  6360 D goldfish-address-space: claimShared: Ask to claim region [0x3f1fa0000 0x3f2944000]
07-08 18:07:32.910 17772 17772 D RootViewPicker: Root not ready - waiting: 10ms for one to appear.
07-08 18:07:32.926  1312  1312 I GoogleInputMethodService: GoogleInputMethodService.onFinishInput():3420
07-08 18:07:32.926  1312  1312 I GoogleInputMethodService: GoogleInputMethodService.onStartInput():2002
07-08 18:07:32.927  1312  1312 I DeviceUnlockedTag: DeviceUnlockedTag.notifyDeviceLockStatusChanged():31 Notify device unlocked.
07-08 18:07:32.956 17772 17772 I ViewInteraction: Checking 'MatchesViewAssertion{viewMatcher=(view has effective visibility <VISIBLE> and view.getGlobalVisibleRect() to return non-empty rectangle)}' assertion on view view.getId() is <2131231204/com.example.dogglers:id/vertical_btn>
07-08 18:07:32.965 17772 17772 D LifecycleMonitor: Lifecycle status change: com.example.dogglers.MainActivity@ee2d591 in: PAUSED
07-08 18:07:32.965 17772 17772 V ActivityScenario: Update currentActivityStage to PAUSED, currentActivity=com.example.dogglers.MainActivity@ee2d591
07-08 18:07:32.973 17772 17772 D LifecycleMonitor: Lifecycle status change: androidx.test.core.app.InstrumentationActivityInvoker$EmptyActivity@4dd7116 in: PRE_ON_CREATE
07-08 18:07:32.973 17772 17772 V ActivityScenario: Activity lifecycle changed event received but ignored because the intent does not match. startActivityIntent=Intent { act=android.intent.action.MAIN cat=[android.intent.category.LAUNCHER] cmp=com.example.dogglers/.MainActivity }, activity.getIntent()=Intent { act=android.intent.action.MAIN cat=[android.intent.category.LAUNCHER] flg=0x10000000 cmp=com.example.dogglers/androidx.test.core.app.InstrumentationActivityInvoker$EmptyActivity }, activity=androidx.test.core.app.InstrumentationActivityInvoker$EmptyActivity@4dd7116
07-08 18:07:32.977 17772 17772 D LifecycleMonitor: Lifecycle status change: androidx.test.core.app.InstrumentationActivityInvoker$EmptyActivity@4dd7116 in: CREATED
07-08 18:07:32.977 17772 17772 V ActivityScenario: Activity lifecycle changed event received but ignored because the intent does not match. startActivityIntent=Intent { act=android.intent.action.MAIN cat=[android.intent.category.LAUNCHER] cmp=com.example.dogglers/.MainActivity }, activity.getIntent()=Intent { act=android.intent.action.MAIN cat=[android.intent.category.LAUNCHER] flg=0x10000000 cmp=com.example.dogglers/androidx.test.core.app.InstrumentationActivityInvoker$EmptyActivity }, activity=androidx.test.core.app.InstrumentationActivityInvoker$EmptyActivity@4dd7116
07-08 18:07:32.978 17772 17772 D LifecycleMonitor: Lifecycle status change: androidx.test.core.app.InstrumentationActivityInvoker$EmptyActivity@4dd7116 in: STARTED
07-08 18:07:32.978 17772 17772 V ActivityScenario: Activity lifecycle changed event received but ignored because the intent does not match. startActivityIntent=Intent { act=android.intent.action.MAIN cat=[android.intent.category.LAUNCHER] cmp=com.example.dogglers/.MainActivity }, activity.getIntent()=Intent { act=android.intent.action.MAIN cat=[android.intent.category.LAUNCHER] flg=0x10000000 cmp=com.example.dogglers/androidx.test.core.app.InstrumentationActivityInvoker$EmptyActivity }, activity=androidx.test.core.app.InstrumentationActivityInvoker$EmptyActivity@4dd7116
07-08 18:07:32.980 17772 17772 D LifecycleMonitor: Lifecycle status change: androidx.test.core.app.InstrumentationActivityInvoker$EmptyActivity@4dd7116 in: RESUMED
07-08 18:07:32.980 17772 17772 V ActivityScenario: Activity lifecycle changed event received but ignored because the intent does not match. startActivityIntent=Intent { act=android.intent.action.MAIN cat=[android.intent.category.LAUNCHER] cmp=com.example.dogglers/.MainActivity }, activity.getIntent()=Intent { act=android.intent.action.MAIN cat=[android.intent.category.LAUNCHER] flg=0x10000000 cmp=com.example.dogglers/androidx.test.core.app.InstrumentationActivityInvoker$EmptyActivity }, activity=androidx.test.core.app.InstrumentationActivityInvoker$EmptyActivity@4dd7116
07-08 18:07:32.988   347  6360 D goldfish-address-space: claimShared: Ask to claim region [0x3f2944000 0x3f32e8000]
07-08 18:07:32.993   347  6360 D goldfish-address-space: claimShared: Ask to claim region [0x3f062c000 0x3f0fd0000]
07-08 18:07:32.994   347  6360 D goldfish-address-space: claimShared: Ask to claim region [0x3f0fd0000 0x3f1974000]
07-08 18:07:33.001   548   568 I ActivityTaskManager: Displayed com.example.dogglers/androidx.test.core.app.InstrumentationActivityInvoker$EmptyActivity: +219ms
07-08 18:07:33.061 17772 17772 D LifecycleMonitor: Lifecycle status change: androidx.test.core.app.InstrumentationActivityInvoker$EmptyActivity@4dd7116 in: PAUSED
07-08 18:07:33.061 17772 17772 V ActivityScenario: Activity lifecycle changed event received but ignored because the intent does not match. startActivityIntent=Intent { act=android.intent.action.MAIN cat=[android.intent.category.LAUNCHER] cmp=com.example.dogglers/.MainActivity }, activity.getIntent()=Intent { act=android.intent.action.MAIN cat=[android.intent.category.LAUNCHER] flg=0x10000000 cmp=com.example.dogglers/androidx.test.core.app.InstrumentationActivityInvoker$EmptyActivity }, activity=androidx.test.core.app.InstrumentationActivityInvoker$EmptyActivity@4dd7116
07-08 18:07:33.093 17772 17772 D LifecycleMonitor: Lifecycle status change: androidx.test.core.app.InstrumentationActivityInvoker$EmptyActivity@1b5b58f in: PRE_ON_CREATE
07-08 18:07:33.093 17772 17772 V ActivityScenario: Activity lifecycle changed event received but ignored because the intent does not match. startActivityIntent=Intent { act=android.intent.action.MAIN cat=[android.intent.category.LAUNCHER] cmp=com.example.dogglers/.MainActivity }, activity.getIntent()=Intent { act=android.intent.action.MAIN cat=[android.intent.category.LAUNCHER] flg=0x10000000 cmp=com.example.dogglers/androidx.test.core.app.InstrumentationActivityInvoker$EmptyActivity }, activity=androidx.test.core.app.InstrumentationActivityInvoker$EmptyActivity@1b5b58f
07-08 18:07:33.097 17772 17772 D LifecycleMonitor: Lifecycle status change: androidx.test.core.app.InstrumentationActivityInvoker$EmptyActivity@1b5b58f in: CREATED
07-08 18:07:33.097 17772 17772 V ActivityScenario: Activity lifecycle changed event received but ignored because the intent does not match. startActivityIntent=Intent { act=android.intent.action.MAIN cat=[android.intent.category.LAUNCHER] cmp=com.example.dogglers/.MainActivity }, activity.getIntent()=Intent { act=android.intent.action.MAIN cat=[android.intent.category.LAUNCHER] flg=0x10000000 cmp=com.example.dogglers/androidx.test.core.app.InstrumentationActivityInvoker$EmptyActivity }, activity=androidx.test.core.app.InstrumentationActivityInvoker$EmptyActivity@1b5b58f
07-08 18:07:33.098 17772 17772 D LifecycleMonitor: Lifecycle status change: androidx.test.core.app.InstrumentationActivityInvoker$EmptyActivity@1b5b58f in: STARTED
07-08 18:07:33.098 17772 17772 V ActivityScenario: Activity lifecycle changed event received but ignored because the intent does not match. startActivityIntent=Intent { act=android.intent.action.MAIN cat=[android.intent.category.LAUNCHER] cmp=com.example.dogglers/.MainActivity }, activity.getIntent()=Intent { act=android.intent.action.MAIN cat=[android.intent.category.LAUNCHER] flg=0x10000000 cmp=com.example.dogglers/androidx.test.core.app.InstrumentationActivityInvoker$EmptyActivity }, activity=androidx.test.core.app.InstrumentationActivityInvoker$EmptyActivity@1b5b58f
07-08 18:07:33.099 17772 17772 D LifecycleMonitor: Lifecycle status change: androidx.test.core.app.InstrumentationActivityInvoker$EmptyActivity@1b5b58f in: RESUMED
07-08 18:07:33.100 17772 17772 V ActivityScenario: Activity lifecycle changed event received but ignored because the intent does not match. startActivityIntent=Intent { act=android.intent.action.MAIN cat=[android.intent.category.LAUNCHER] cmp=com.example.dogglers/.MainActivity }, activity.getIntent()=Intent { act=android.intent.action.MAIN cat=[android.intent.category.LAUNCHER] flg=0x10000000 cmp=com.example.dogglers/androidx.test.core.app.InstrumentationActivityInvoker$EmptyActivity }, activity=androidx.test.core.app.InstrumentationActivityInvoker$EmptyActivity@1b5b58f
07-08 18:07:33.135   347  6360 D goldfish-address-space: claimShared: Ask to claim region [0x3f5fa0000 0x3f6944000]
07-08 18:07:33.138   347  6360 D goldfish-address-space: claimShared: Ask to claim region [0x3f6944000 0x3f72e8000]
07-08 18:07:33.143   347  6360 D goldfish-address-space: claimShared: Ask to claim region [0x3f4000000 0x3f49a4000]
07-08 18:07:33.147   548   568 I ActivityTaskManager: Displayed com.example.dogglers/androidx.test.core.app.InstrumentationActivityInvoker$EmptyActivity: +141ms
07-08 18:07:33.157   347  6360 D goldfish-address-space: claimShared: Ask to claim region [0x3f062c000 0x3f0c58000]
07-08 18:07:33.170 17772 17772 D LifecycleMonitor: Lifecycle status change: androidx.test.core.app.InstrumentationActivityInvoker$EmptyActivity@4dd7116 in: STOPPED
07-08 18:07:33.170 17772 17772 V ActivityScenario: Activity lifecycle changed event received but ignored because the intent does not match. startActivityIntent=Intent { act=android.intent.action.MAIN cat=[android.intent.category.LAUNCHER] cmp=com.example.dogglers/.MainActivity }, activity.getIntent()=Intent { act=android.intent.action.MAIN cat=[android.intent.category.LAUNCHER] flg=0x10000000 cmp=com.example.dogglers/androidx.test.core.app.InstrumentationActivityInvoker$EmptyActivity }, activity=androidx.test.core.app.InstrumentationActivityInvoker$EmptyActivity@4dd7116
07-08 18:07:33.174 17772 17772 D LifecycleMonitor: Lifecycle status change: androidx.test.core.app.InstrumentationActivityInvoker$EmptyActivity@4dd7116 in: DESTROYED
07-08 18:07:33.174 17772 17772 V ActivityScenario: Activity lifecycle changed event received but ignored because the intent does not match. startActivityIntent=Intent { act=android.intent.action.MAIN cat=[android.intent.category.LAUNCHER] cmp=com.example.dogglers/.MainActivity }, activity.getIntent()=Intent { act=android.intent.action.MAIN cat=[android.intent.category.LAUNCHER] flg=0x10000000 cmp=com.example.dogglers/androidx.test.core.app.InstrumentationActivityInvoker$EmptyActivity }, activity=androidx.test.core.app.InstrumentationActivityInvoker$EmptyActivity@4dd7116
07-08 18:07:33.178   548  2220 W InputManager-JNI: Input channel object 'ccb972d com.example.dogglers/androidx.test.core.app.InstrumentationActivityInvoker$EmptyActivity (client)' was disposed without first being removed with the input manager!
07-08 18:07:33.181 17772 17772 D LifecycleMonitor: Lifecycle status change: androidx.test.core.app.InstrumentationActivityInvoker$EmptyActivity@1b5b58f in: PAUSED
07-08 18:07:33.181 17772 17772 V ActivityScenario: Activity lifecycle changed event received but ignored because the intent does not match. startActivityIntent=Intent { act=android.intent.action.MAIN cat=[android.intent.category.LAUNCHER] cmp=com.example.dogglers/.MainActivity }, activity.getIntent()=Intent { act=android.intent.action.MAIN cat=[android.intent.category.LAUNCHER] flg=0x10000000 cmp=com.example.dogglers/androidx.test.core.app.InstrumentationActivityInvoker$EmptyActivity }, activity=androidx.test.core.app.InstrumentationActivityInvoker$EmptyActivity@1b5b58f
07-08 18:07:33.182  1030  1049 W System  : A resource failed to call release.
07-08 18:07:33.182  1030  1049 W System  : A resource failed to call release.
07-08 18:07:33.183  1030  1049 W System  : A resource failed to call release.
07-08 18:07:33.183  1030  1049 W System  : A resource failed to call release.
07-08 18:07:33.183  1030  1049 W System  : A resource failed to call release.
07-08 18:07:33.183  1030  1049 W System  : A resource failed to call release.
07-08 18:07:33.183  1030  1049 W System  : A resource failed to call release.
07-08 18:07:33.183  1030  1049 W System  : A resource failed to call release.
07-08 18:07:33.183  1030  1049 W System  : A resource failed to call release.
07-08 18:07:33.208  1685  1685 I A       : onApplyWindowInsets: systemWindowInsets=Insets{left=0, top=145, right=0, bottom=132}
07-08 18:07:33.208  1685  1685 I A       : onApplyWindowInsets: Adjusting for display cutouts. Safe insets: left=0, top=136, right=0, bottom=0
07-08 18:07:33.208  1685  1685 I A       : onApplyWindowInsets: systemWindowInsets=Insets{left=0, top=145, right=0, bottom=132}
07-08 18:07:33.209   347  6360 D goldfish-address-space: claimShared: Ask to claim region [0x3f2944000 0x3f32e8000]
07-08 18:07:33.212   347  6360 D goldfish-address-space: claimShared: Ask to claim region [0x3f0c58000 0x3f15fc000]
07-08 18:07:33.213   347   404 D goldfish-address-space: claimShared: Ask to claim region [0x3f49a4000 0x3f5348000]
07-08 18:07:33.213   347  6360 D goldfish-address-space: claimShared: Ask to claim region [0x3f8000000 0x3f89a4000]
07-08 18:07:33.216   347  6360 D goldfish-address-space: claimShared: Ask to claim region [0x3f89a4000 0x3f9348000]
07-08 18:07:33.217   347   404 D goldfish-address-space: claimShared: Ask to claim region [0x3f9348000 0x3f9cec000]
07-08 18:07:33.225  1417  1417 I GsaVoiceInteractionSrv: Handling ACTION_START_HOTWORD
07-08 18:07:33.225  1417  1417 I GsaVoiceInteractionSrv: disregardVoiceMatch: false
07-08 18:07:33.226  1417  1417 I GsaVoiceInteractionSrv: Cannot start hotword, hotword has been explicitly disabled.
07-08 18:07:33.238   548   572 W InputManager-JNI: Input channel object 'b731e8f Splash Screen com.example.dogglers (client)' was disposed without first being removed with the input manager!
07-08 18:07:33.241  1685  7002 I OpenGLRenderer: Davey! duration=5433ms; Flags=1, FrameTimelineVsyncId=47567, IntendedVsync=12300750552998, Vsync=12300750552998, InputEventId=0, HandleInputStart=12300754617440, AnimationStart=12300754638940, PerformTraversalsStart=12300754659340, DrawStart=12300766478840, FrameDeadline=12300783886330, FrameInterval=12300754604540, FrameStartTime=16666666, SyncQueued=12300766659240, SyncStart=12300768580940, IssueDrawCommandsStart=12300768680740, SwapBuffers=12300768828740, FrameCompleted=12306185748540, DequeueBufferDuration=14100, QueueBufferDuration=514700, GpuCompleted=12306185748540, SwapBuffersCompleted=12300771153240, DisplayPresentTime=0,
07-08 18:07:33.247  1312  1312 I GoogleInputMethodService: GoogleInputMethodService.onFinishInput():3420
07-08 18:07:33.247  1312  1312 I GoogleInputMethodService: GoogleInputMethodService.onStartInput():2002
07-08 18:07:33.248  1312  1312 I DeviceUnlockedTag: DeviceUnlockedTag.notifyDeviceLockStatusChanged():31 Notify device unlocked.
07-08 18:07:33.608 17772 17772 D LifecycleMonitor: Lifecycle status change: androidx.test.core.app.InstrumentationActivityInvoker$EmptyActivity@1b5b58f in: STOPPED
07-08 18:07:33.608 17772 17772 V ActivityScenario: Activity lifecycle changed event received but ignored because the intent does not match. startActivityIntent=Intent { act=android.intent.action.MAIN cat=[android.intent.category.LAUNCHER] cmp=com.example.dogglers/.MainActivity }, activity.getIntent()=Intent { act=android.intent.action.MAIN cat=[android.intent.category.LAUNCHER] flg=0x10000000 cmp=com.example.dogglers/androidx.test.core.app.InstrumentationActivityInvoker$EmptyActivity }, activity=androidx.test.core.app.InstrumentationActivityInvoker$EmptyActivity@1b5b58f
07-08 18:07:33.609 17772 17772 D LifecycleMonitor: Lifecycle status change: androidx.test.core.app.InstrumentationActivityInvoker$EmptyActivity@1b5b58f in: DESTROYED
07-08 18:07:33.609 17772 17772 V ActivityScenario: Activity lifecycle changed event received but ignored because the intent does not match. startActivityIntent=Intent { act=android.intent.action.MAIN cat=[android.intent.category.LAUNCHER] cmp=com.example.dogglers/.MainActivity }, activity.getIntent()=Intent { act=android.intent.action.MAIN cat=[android.intent.category.LAUNCHER] flg=0x10000000 cmp=com.example.dogglers/androidx.test.core.app.InstrumentationActivityInvoker$EmptyActivity }, activity=androidx.test.core.app.InstrumentationActivityInvoker$EmptyActivity@1b5b58f
07-08 18:07:33.611   548  2220 W InputManager-JNI: Input channel object 'c4f75e3 com.example.dogglers/androidx.test.core.app.InstrumentationActivityInvoker$EmptyActivity (client)' was disposed without first being removed with the input manager!
07-08 18:07:33.614 17772 17772 D LifecycleMonitor: Lifecycle status change: com.example.dogglers.MainActivity@ee2d591 in: STOPPED
07-08 18:07:33.614 17772 17772 V ActivityScenario: Update currentActivityStage to STOPPED, currentActivity=com.example.dogglers.MainActivity@ee2d591
07-08 18:07:33.616 17772 17772 D LifecycleMonitor: Lifecycle status change: com.example.dogglers.MainActivity@ee2d591 in: DESTROYED
07-08 18:07:33.616 17772 17772 V ActivityScenario: Update currentActivityStage to DESTROYED, currentActivity=null
07-08 18:07:33.616 17772 17793 I TestRunner: finished: vertical_list_button_is_displayed(com.example.dogglers.ButtonTests)
