07-16 22:14:46.242 17827 17852 I TestRunner: started: subtotal_tax_total_in_checkout(com.example.lunchtray.OrderFunctionalityTests)
07-16 22:14:46.246 17827 17827 D LifecycleMonitor: Lifecycle status change: com.example.lunchtray.MainActivity@997ba4f in: DESTROYED
07-16 22:14:46.246 17827 17827 V ActivityScenario: Activity lifecycle changed event received but ignored because the intent does not match. startActivityIntent=Intent { act=android.intent.action.MAIN cat=[android.intent.category.LAUNCHER] cmp=com.example.lunchtray/androidx.fragment.app.testing.FragmentScenario$EmptyFragmentActivity (has extras) }, activity.getIntent()=Intent { act=android.intent.action.MAIN cat=[android.intent.category.LAUNCHER] cmp=com.example.lunchtray/.MainActivity }, activity=com.example.lunchtray.MainActivity@997ba4f
07-16 22:14:46.247 17827 17827 V ActivityScenario: Update currentActivityStage to DESTROYED, currentActivity=null
07-16 22:14:46.248 17827 17827 V ActivityScenario: Update currentActivityStage to DESTROYED, currentActivity=null
07-16 22:14:46.249 17827 17827 V ActivityScenario: Update currentActivityStage to DESTROYED, currentActivity=null
07-16 22:14:46.249 17827 17827 V ActivityScenario: Update currentActivityStage to DESTROYED, currentActivity=null
07-16 22:14:46.252 10266 10280 W InputManager-JNI: Input channel object '9b27a14 com.example.lunchtray/com.example.lunchtray.MainActivity (client)' was disposed without first being removed with the input manager!
07-16 22:14:46.266 17827 17852 W Settings: Setting always_finish_activities has moved from android.provider.Settings.System to android.provider.Settings.Global, returning read-only value.
07-16 22:14:46.280 10472 10532 D SplashScreenView: Build android.window.SplashScreenView{54e213a V.E...... ......ID 0,0-0,0}
07-16 22:14:46.280 10472 10532 D SplashScreenView: Icon: view: null drawable: null size: 0
07-16 22:14:46.280 10472 10532 D SplashScreenView: Branding: view: android.view.View{d4001eb G.ED..... ......I. 0,0-0,0 #10204a6 android:id/splashscreen_branding_view} drawable: null size w: 0 h: 0
07-16 22:14:46.297 17827 17827 D LifecycleMonitor: Lifecycle status change: androidx.test.core.app.InstrumentationActivityInvoker$BootstrapActivity@24082af in: PRE_ON_CREATE
07-16 22:14:46.297 17827 17827 V ActivityScenario: Activity lifecycle changed event received but ignored because the intent does not match. startActivityIntent=Intent { act=android.intent.action.MAIN cat=[android.intent.category.LAUNCHER] cmp=com.example.lunchtray/androidx.fragment.app.testing.FragmentScenario$EmptyFragmentActivity (has extras) }, activity.getIntent()=Intent { act=android.intent.action.MAIN cat=[android.intent.category.LAUNCHER] flg=0x10008000 cmp=com.example.lunchtray/androidx.test.core.app.InstrumentationActivityInvoker$BootstrapActivity (has extras) }, activity=androidx.test.core.app.InstrumentationActivityInvoker$BootstrapActivity@24082af
07-16 22:14:46.298 17827 17827 V ActivityScenario: Activity lifecycle changed event received but ignored because the intent does not match. startActivityIntent=Intent { act=android.intent.action.MAIN cat=[android.intent.category.LAUNCHER] cmp=com.example.lunchtray/.MainActivity }, activity.getIntent()=Intent { act=android.intent.action.MAIN cat=[android.intent.category.LAUNCHER] flg=0x10008000 cmp=com.example.lunchtray/androidx.test.core.app.InstrumentationActivityInvoker$BootstrapActivity (has extras) }, activity=androidx.test.core.app.InstrumentationActivityInvoker$BootstrapActivity@24082af
07-16 22:14:46.298 17827 17827 V ActivityScenario: Activity lifecycle changed event received but ignored because the intent does not match. startActivityIntent=Intent { act=android.intent.action.MAIN cat=[android.intent.category.LAUNCHER] cmp=com.example.lunchtray/.MainActivity }, activity.getIntent()=Intent { act=android.intent.action.MAIN cat=[android.intent.category.LAUNCHER] flg=0x10008000 cmp=com.example.lunchtray/androidx.test.core.app.InstrumentationActivityInvoker$BootstrapActivity (has extras) }, activity=androidx.test.core.app.InstrumentationActivityInvoker$BootstrapActivity@24082af
07-16 22:14:46.298 17827 17827 V ActivityScenario: Activity lifecycle changed event received but ignored because the intent does not match. startActivityIntent=Intent { act=android.intent.action.MAIN cat=[android.intent.category.LAUNCHER] cmp=com.example.lunchtray/.MainActivity }, activity.getIntent()=Intent { act=android.intent.action.MAIN cat=[android.intent.category.LAUNCHER] flg=0x10008000 cmp=com.example.lunchtray/androidx.test.core.app.InstrumentationActivityInvoker$BootstrapActivity (has extras) }, activity=androidx.test.core.app.InstrumentationActivityInvoker$BootstrapActivity@24082af
07-16 22:14:46.299 17827 17827 V ActivityScenario: Activity lifecycle changed event received but ignored because the intent does not match. startActivityIntent=Intent { act=android.intent.action.MAIN cat=[android.intent.category.LAUNCHER] cmp=com.example.lunchtray/.MainActivity }, activity.getIntent()=Intent { act=android.intent.action.MAIN cat=[android.intent.category.LAUNCHER] flg=0x10008000 cmp=com.example.lunchtray/androidx.test.core.app.InstrumentationActivityInvoker$BootstrapActivity (has extras) }, activity=androidx.test.core.app.InstrumentationActivityInvoker$BootstrapActivity@24082af
07-16 22:14:46.300 17827 17827 V ActivityScenario: Activity lifecycle changed event received but ignored because the intent does not match. startActivityIntent=Intent { act=android.intent.action.MAIN cat=[android.intent.category.LAUNCHER] cmp=com.example.lunchtray/.MainActivity }, activity.getIntent()=Intent { act=android.intent.action.MAIN cat=[android.intent.category.LAUNCHER] flg=0x10008000 cmp=com.example.lunchtray/androidx.test.core.app.InstrumentationActivityInvoker$BootstrapActivity (has extras) }, activity=androidx.test.core.app.InstrumentationActivityInvoker$BootstrapActivity@24082af
07-16 22:14:46.310 17827 17827 D LifecycleMonitor: Lifecycle status change: androidx.test.core.app.InstrumentationActivityInvoker$BootstrapActivity@24082af in: CREATED
07-16 22:14:46.311 17827 17827 V ActivityScenario: Activity lifecycle changed event received but ignored because the intent does not match. startActivityIntent=Intent { act=android.intent.action.MAIN cat=[android.intent.category.LAUNCHER] cmp=com.example.lunchtray/androidx.fragment.app.testing.FragmentScenario$EmptyFragmentActivity (has extras) }, activity.getIntent()=Intent { act=android.intent.action.MAIN cat=[android.intent.category.LAUNCHER] flg=0x10008000 cmp=com.example.lunchtray/androidx.test.core.app.InstrumentationActivityInvoker$BootstrapActivity (has extras) }, activity=androidx.test.core.app.InstrumentationActivityInvoker$BootstrapActivity@24082af
07-16 22:14:46.311 17827 17827 V ActivityScenario: Activity lifecycle changed event received but ignored because the intent does not match. startActivityIntent=Intent { act=android.intent.action.MAIN cat=[android.intent.category.LAUNCHER] cmp=com.example.lunchtray/.MainActivity }, activity.getIntent()=Intent { act=android.intent.action.MAIN cat=[android.intent.category.LAUNCHER] flg=0x10008000 cmp=com.example.lunchtray/androidx.test.core.app.InstrumentationActivityInvoker$BootstrapActivity (has extras) }, activity=androidx.test.core.app.InstrumentationActivityInvoker$BootstrapActivity@24082af
07-16 22:14:46.312 17827 17827 V ActivityScenario: Activity lifecycle changed event received but ignored because the intent does not match. startActivityIntent=Intent { act=android.intent.action.MAIN cat=[android.intent.category.LAUNCHER] cmp=com.example.lunchtray/.MainActivity }, activity.getIntent()=Intent { act=android.intent.action.MAIN cat=[android.intent.category.LAUNCHER] flg=0x10008000 cmp=com.example.lunchtray/androidx.test.core.app.InstrumentationActivityInvoker$BootstrapActivity (has extras) }, activity=androidx.test.core.app.InstrumentationActivityInvoker$BootstrapActivity@24082af
07-16 22:14:46.312 17827 17827 V ActivityScenario: Activity lifecycle changed event received but ignored because the intent does not match. startActivityIntent=Intent { act=android.intent.action.MAIN cat=[android.intent.category.LAUNCHER] cmp=com.example.lunchtray/.MainActivity }, activity.getIntent()=Intent { act=android.intent.action.MAIN cat=[android.intent.category.LAUNCHER] flg=0x10008000 cmp=com.example.lunchtray/androidx.test.core.app.InstrumentationActivityInvoker$BootstrapActivity (has extras) }, activity=androidx.test.core.app.InstrumentationActivityInvoker$BootstrapActivity@24082af
07-16 22:14:46.312 17827 17827 V ActivityScenario: Activity lifecycle changed event received but ignored because the intent does not match. startActivityIntent=Intent { act=android.intent.action.MAIN cat=[android.intent.category.LAUNCHER] cmp=com.example.lunchtray/.MainActivity }, activity.getIntent()=Intent { act=android.intent.action.MAIN cat=[android.intent.category.LAUNCHER] flg=0x10008000 cmp=com.example.lunchtray/androidx.test.core.app.InstrumentationActivityInvoker$BootstrapActivity (has extras) }, activity=androidx.test.core.app.InstrumentationActivityInvoker$BootstrapActivity@24082af
07-16 22:14:46.313 17827 17827 V ActivityScenario: Activity lifecycle changed event received but ignored because the intent does not match. startActivityIntent=Intent { act=android.intent.action.MAIN cat=[android.intent.category.LAUNCHER] cmp=com.example.lunchtray/.MainActivity }, activity.getIntent()=Intent { act=android.intent.action.MAIN cat=[android.intent.category.LAUNCHER] flg=0x10008000 cmp=com.example.lunchtray/androidx.test.core.app.InstrumentationActivityInvoker$BootstrapActivity (has extras) }, activity=androidx.test.core.app.InstrumentationActivityInvoker$BootstrapActivity@24082af
07-16 22:14:46.314 17827 17827 D LifecycleMonitor: Lifecycle status change: androidx.test.core.app.InstrumentationActivityInvoker$BootstrapActivity@24082af in: STARTED
07-16 22:14:46.315 17827 17827 V ActivityScenario: Activity lifecycle changed event received but ignored because the intent does not match. startActivityIntent=Intent { act=android.intent.action.MAIN cat=[android.intent.category.LAUNCHER] cmp=com.example.lunchtray/androidx.fragment.app.testing.FragmentScenario$EmptyFragmentActivity (has extras) }, activity.getIntent()=Intent { act=android.intent.action.MAIN cat=[android.intent.category.LAUNCHER] flg=0x10008000 cmp=com.example.lunchtray/androidx.test.core.app.InstrumentationActivityInvoker$BootstrapActivity (has extras) }, activity=androidx.test.core.app.InstrumentationActivityInvoker$BootstrapActivity@24082af
07-16 22:14:46.316 17827 17827 V ActivityScenario: Activity lifecycle changed event received but ignored because the intent does not match. startActivityIntent=Intent { act=android.intent.action.MAIN cat=[android.intent.category.LAUNCHER] cmp=com.example.lunchtray/.MainActivity }, activity.getIntent()=Intent { act=android.intent.action.MAIN cat=[android.intent.category.LAUNCHER] flg=0x10008000 cmp=com.example.lunchtray/androidx.test.core.app.InstrumentationActivityInvoker$BootstrapActivity (has extras) }, activity=androidx.test.core.app.InstrumentationActivityInvoker$BootstrapActivity@24082af
07-16 22:14:46.316 17827 17827 V ActivityScenario: Activity lifecycle changed event received but ignored because the intent does not match. startActivityIntent=Intent { act=android.intent.action.MAIN cat=[android.intent.category.LAUNCHER] cmp=com.example.lunchtray/.MainActivity }, activity.getIntent()=Intent { act=android.intent.action.MAIN cat=[android.intent.category.LAUNCHER] flg=0x10008000 cmp=com.example.lunchtray/androidx.test.core.app.InstrumentationActivityInvoker$BootstrapActivity (has extras) }, activity=androidx.test.core.app.InstrumentationActivityInvoker$BootstrapActivity@24082af
07-16 22:14:46.319 17827 17827 V ActivityScenario: Activity lifecycle changed event received but ignored because the intent does not match. startActivityIntent=Intent { act=android.intent.action.MAIN cat=[android.intent.category.LAUNCHER] cmp=com.example.lunchtray/.MainActivity }, activity.getIntent()=Intent { act=android.intent.action.MAIN cat=[android.intent.category.LAUNCHER] flg=0x10008000 cmp=com.example.lunchtray/androidx.test.core.app.InstrumentationActivityInvoker$BootstrapActivity (has extras) }, activity=androidx.test.core.app.InstrumentationActivityInvoker$BootstrapActivity@24082af
07-16 22:14:46.319 17827 17827 V ActivityScenario: Activity lifecycle changed event received but ignored because the intent does not match. startActivityIntent=Intent { act=android.intent.action.MAIN cat=[android.intent.category.LAUNCHER] cmp=com.example.lunchtray/.MainActivity }, activity.getIntent()=Intent { act=android.intent.action.MAIN cat=[android.intent.category.LAUNCHER] flg=0x10008000 cmp=com.example.lunchtray/androidx.test.core.app.InstrumentationActivityInvoker$BootstrapActivity (has extras) }, activity=androidx.test.core.app.InstrumentationActivityInvoker$BootstrapActivity@24082af
07-16 22:14:46.320 17827 17827 V ActivityScenario: Activity lifecycle changed event received but ignored because the intent does not match. startActivityIntent=Intent { act=android.intent.action.MAIN cat=[android.intent.category.LAUNCHER] cmp=com.example.lunchtray/.MainActivity }, activity.getIntent()=Intent { act=android.intent.action.MAIN cat=[android.intent.category.LAUNCHER] flg=0x10008000 cmp=com.example.lunchtray/androidx.test.core.app.InstrumentationActivityInvoker$BootstrapActivity (has extras) }, activity=androidx.test.core.app.InstrumentationActivityInvoker$BootstrapActivity@24082af
07-16 22:14:46.327   364   398 D goldfish-address-space: claimShared: Ask to claim region [0x3f0fd0000 0x3f1974000]
07-16 22:14:46.331   364   398 D goldfish-address-space: claimShared: Ask to claim region [0x3f1974000 0x3f2318000]
07-16 22:14:46.331 17827 17827 D LifecycleMonitor: Lifecycle status change: androidx.test.core.app.InstrumentationActivityInvoker$BootstrapActivity@24082af in: RESUMED
07-16 22:14:46.332 17827 17827 V ActivityScenario: Activity lifecycle changed event received but ignored because the intent does not match. startActivityIntent=Intent { act=android.intent.action.MAIN cat=[android.intent.category.LAUNCHER] cmp=com.example.lunchtray/androidx.fragment.app.testing.FragmentScenario$EmptyFragmentActivity (has extras) }, activity.getIntent()=Intent { act=android.intent.action.MAIN cat=[android.intent.category.LAUNCHER] flg=0x10008000 cmp=com.example.lunchtray/androidx.test.core.app.InstrumentationActivityInvoker$BootstrapActivity (has extras) }, activity=androidx.test.core.app.InstrumentationActivityInvoker$BootstrapActivity@24082af
07-16 22:14:46.333 17827 17827 V ActivityScenario: Activity lifecycle changed event received but ignored because the intent does not match. startActivityIntent=Intent { act=android.intent.action.MAIN cat=[android.intent.category.LAUNCHER] cmp=com.example.lunchtray/.MainActivity }, activity.getIntent()=Intent { act=android.intent.action.MAIN cat=[android.intent.category.LAUNCHER] flg=0x10008000 cmp=com.example.lunchtray/androidx.test.core.app.InstrumentationActivityInvoker$BootstrapActivity (has extras) }, activity=androidx.test.core.app.InstrumentationActivityInvoker$BootstrapActivity@24082af
07-16 22:14:46.333 17827 17827 V ActivityScenario: Activity lifecycle changed event received but ignored because the intent does not match. startActivityIntent=Intent { act=android.intent.action.MAIN cat=[android.intent.category.LAUNCHER] cmp=com.example.lunchtray/.MainActivity }, activity.getIntent()=Intent { act=android.intent.action.MAIN cat=[android.intent.category.LAUNCHER] flg=0x10008000 cmp=com.example.lunchtray/androidx.test.core.app.InstrumentationActivityInvoker$BootstrapActivity (has extras) }, activity=androidx.test.core.app.InstrumentationActivityInvoker$BootstrapActivity@24082af
07-16 22:14:46.333 17827 17827 V ActivityScenario: Activity lifecycle changed event received but ignored because the intent does not match. startActivityIntent=Intent { act=android.intent.action.MAIN cat=[android.intent.category.LAUNCHER] cmp=com.example.lunchtray/.MainActivity }, activity.getIntent()=Intent { act=android.intent.action.MAIN cat=[android.intent.category.LAUNCHER] flg=0x10008000 cmp=com.example.lunchtray/androidx.test.core.app.InstrumentationActivityInvoker$BootstrapActivity (has extras) }, activity=androidx.test.core.app.InstrumentationActivityInvoker$BootstrapActivity@24082af
07-16 22:14:46.333 17827 17827 V ActivityScenario: Activity lifecycle changed event received but ignored because the intent does not match. startActivityIntent=Intent { act=android.intent.action.MAIN cat=[android.intent.category.LAUNCHER] cmp=com.example.lunchtray/.MainActivity }, activity.getIntent()=Intent { act=android.intent.action.MAIN cat=[android.intent.category.LAUNCHER] flg=0x10008000 cmp=com.example.lunchtray/androidx.test.core.app.InstrumentationActivityInvoker$BootstrapActivity (has extras) }, activity=androidx.test.core.app.InstrumentationActivityInvoker$BootstrapActivity@24082af
07-16 22:14:46.333 17827 17827 V ActivityScenario: Activity lifecycle changed event received but ignored because the intent does not match. startActivityIntent=Intent { act=android.intent.action.MAIN cat=[android.intent.category.LAUNCHER] cmp=com.example.lunchtray/.MainActivity }, activity.getIntent()=Intent { act=android.intent.action.MAIN cat=[android.intent.category.LAUNCHER] flg=0x10008000 cmp=com.example.lunchtray/androidx.test.core.app.InstrumentationActivityInvoker$BootstrapActivity (has extras) }, activity=androidx.test.core.app.InstrumentationActivityInvoker$BootstrapActivity@24082af
07-16 22:14:46.336   364   398 D goldfish-address-space: claimShared: Ask to claim region [0x3f2318000 0x3f2cbc000]
07-16 22:14:46.343 17827 17827 D LifecycleMonitor: Lifecycle status change: androidx.test.core.app.InstrumentationActivityInvoker$BootstrapActivity@24082af in: PAUSED
07-16 22:14:46.344 17827 17827 V ActivityScenario: Activity lifecycle changed event received but ignored because the intent does not match. startActivityIntent=Intent { act=android.intent.action.MAIN cat=[android.intent.category.LAUNCHER] cmp=com.example.lunchtray/androidx.fragment.app.testing.FragmentScenario$EmptyFragmentActivity (has extras) }, activity.getIntent()=Intent { act=android.intent.action.MAIN cat=[android.intent.category.LAUNCHER] flg=0x10008000 cmp=com.example.lunchtray/androidx.test.core.app.InstrumentationActivityInvoker$BootstrapActivity (has extras) }, activity=androidx.test.core.app.InstrumentationActivityInvoker$BootstrapActivity@24082af
07-16 22:14:46.344 17827 17827 V ActivityScenario: Activity lifecycle changed event received but ignored because the intent does not match. startActivityIntent=Intent { act=android.intent.action.MAIN cat=[android.intent.category.LAUNCHER] cmp=com.example.lunchtray/.MainActivity }, activity.getIntent()=Intent { act=android.intent.action.MAIN cat=[android.intent.category.LAUNCHER] flg=0x10008000 cmp=com.example.lunchtray/androidx.test.core.app.InstrumentationActivityInvoker$BootstrapActivity (has extras) }, activity=androidx.test.core.app.InstrumentationActivityInvoker$BootstrapActivity@24082af
07-16 22:14:46.345 17827 17827 V ActivityScenario: Activity lifecycle changed event received but ignored because the intent does not match. startActivityIntent=Intent { act=android.intent.action.MAIN cat=[android.intent.category.LAUNCHER] cmp=com.example.lunchtray/.MainActivity }, activity.getIntent()=Intent { act=android.intent.action.MAIN cat=[android.intent.category.LAUNCHER] flg=0x10008000 cmp=com.example.lunchtray/androidx.test.core.app.InstrumentationActivityInvoker$BootstrapActivity (has extras) }, activity=androidx.test.core.app.InstrumentationActivityInvoker$BootstrapActivity@24082af
07-16 22:14:46.345 17827 17827 V ActivityScenario: Activity lifecycle changed event received but ignored because the intent does not match. startActivityIntent=Intent { act=android.intent.action.MAIN cat=[android.intent.category.LAUNCHER] cmp=com.example.lunchtray/.MainActivity }, activity.getIntent()=Intent { act=android.intent.action.MAIN cat=[android.intent.category.LAUNCHER] flg=0x10008000 cmp=com.example.lunchtray/androidx.test.core.app.InstrumentationActivityInvoker$BootstrapActivity (has extras) }, activity=androidx.test.core.app.InstrumentationActivityInvoker$BootstrapActivity@24082af
07-16 22:14:46.346 17827 17827 V ActivityScenario: Activity lifecycle changed event received but ignored because the intent does not match. startActivityIntent=Intent { act=android.intent.action.MAIN cat=[android.intent.category.LAUNCHER] cmp=com.example.lunchtray/.MainActivity }, activity.getIntent()=Intent { act=android.intent.action.MAIN cat=[android.intent.category.LAUNCHER] flg=0x10008000 cmp=com.example.lunchtray/androidx.test.core.app.InstrumentationActivityInvoker$BootstrapActivity (has extras) }, activity=androidx.test.core.app.InstrumentationActivityInvoker$BootstrapActivity@24082af
07-16 22:14:46.346 17827 17827 V ActivityScenario: Activity lifecycle changed event received but ignored because the intent does not match. startActivityIntent=Intent { act=android.intent.action.MAIN cat=[android.intent.category.LAUNCHER] cmp=com.example.lunchtray/.MainActivity }, activity.getIntent()=Intent { act=android.intent.action.MAIN cat=[android.intent.category.LAUNCHER] flg=0x10008000 cmp=com.example.lunchtray/androidx.test.core.app.InstrumentationActivityInvoker$BootstrapActivity (has extras) }, activity=androidx.test.core.app.InstrumentationActivityInvoker$BootstrapActivity@24082af
07-16 22:14:46.366 17827 17827 D LifecycleMonitor: Lifecycle status change: com.example.lunchtray.MainActivity@aabb1c1 in: PRE_ON_CREATE
07-16 22:14:46.366 17827 17827 V ActivityScenario: Activity lifecycle changed event received but ignored because the intent does not match. startActivityIntent=Intent { act=android.intent.action.MAIN cat=[android.intent.category.LAUNCHER] cmp=com.example.lunchtray/androidx.fragment.app.testing.FragmentScenario$EmptyFragmentActivity (has extras) }, activity.getIntent()=Intent { act=android.intent.action.MAIN cat=[android.intent.category.LAUNCHER] cmp=com.example.lunchtray/.MainActivity }, activity=com.example.lunchtray.MainActivity@aabb1c1
07-16 22:14:46.367 17827 17827 V ActivityScenario: Activity lifecycle changed event received but ignored because the reported transition was not ON_CREATE while the last known transition was DESTROYED
07-16 22:14:46.368 17827 17827 V ActivityScenario: Activity lifecycle changed event received but ignored because the reported transition was not ON_CREATE while the last known transition was DESTROYED
07-16 22:14:46.368 17827 17827 V ActivityScenario: Activity lifecycle changed event received but ignored because the reported transition was not ON_CREATE while the last known transition was DESTROYED
07-16 22:14:46.368 17827 17827 V ActivityScenario: Activity lifecycle changed event received but ignored because the reported transition was not ON_CREATE while the last known transition was DESTROYED
07-16 22:14:46.368 17827 17827 V ActivityScenario: Activity lifecycle changed event received but ignored because the reported transition was not ON_CREATE while the last known transition was PRE_ON_CREATE
07-16 22:14:46.389 11140 11140 I GsaVoiceInteractionSrv: Handling ACTION_STOP_HOTWORD
07-16 22:14:46.390 17827 17827 D LifecycleMonitor: Lifecycle status change: com.example.lunchtray.MainActivity@aabb1c1 in: CREATED
07-16 22:14:46.390 17827 17827 V ActivityScenario: Activity lifecycle changed event received but ignored because the intent does not match. startActivityIntent=Intent { act=android.intent.action.MAIN cat=[android.intent.category.LAUNCHER] cmp=com.example.lunchtray/androidx.fragment.app.testing.FragmentScenario$EmptyFragmentActivity (has extras) }, activity.getIntent()=Intent { act=android.intent.action.MAIN cat=[android.intent.category.LAUNCHER] cmp=com.example.lunchtray/.MainActivity }, activity=com.example.lunchtray.MainActivity@aabb1c1
07-16 22:14:46.390 17827 17827 V ActivityScenario: Update currentActivityStage to CREATED, currentActivity=com.example.lunchtray.MainActivity@aabb1c1
07-16 22:14:46.391 17827 17827 V ActivityScenario: Update currentActivityStage to CREATED, currentActivity=com.example.lunchtray.MainActivity@aabb1c1
07-16 22:14:46.391 11140 11140 E HwDetectorWithState: a: 3
07-16 22:14:46.391 17827 17827 V ActivityScenario: Update currentActivityStage to CREATED, currentActivity=com.example.lunchtray.MainActivity@aabb1c1
07-16 22:14:46.392 17827 17827 V ActivityScenario: Update currentActivityStage to CREATED, currentActivity=com.example.lunchtray.MainActivity@aabb1c1
07-16 22:14:46.392 17827 17827 V ActivityScenario: Update currentActivityStage to CREATED, currentActivity=com.example.lunchtray.MainActivity@aabb1c1
07-16 22:14:46.404 17827 17827 D LifecycleMonitor: Lifecycle status change: com.example.lunchtray.MainActivity@aabb1c1 in: STARTED
07-16 22:14:46.404 17827 17827 V ActivityScenario: Activity lifecycle changed event received but ignored because the intent does not match. startActivityIntent=Intent { act=android.intent.action.MAIN cat=[android.intent.category.LAUNCHER] cmp=com.example.lunchtray/androidx.fragment.app.testing.FragmentScenario$EmptyFragmentActivity (has extras) }, activity.getIntent()=Intent { act=android.intent.action.MAIN cat=[android.intent.category.LAUNCHER] cmp=com.example.lunchtray/.MainActivity }, activity=com.example.lunchtray.MainActivity@aabb1c1
07-16 22:14:46.405 17827 17827 V ActivityScenario: Update currentActivityStage to STARTED, currentActivity=com.example.lunchtray.MainActivity@aabb1c1
07-16 22:14:46.405 17827 17827 V ActivityScenario: Update currentActivityStage to STARTED, currentActivity=com.example.lunchtray.MainActivity@aabb1c1
07-16 22:14:46.405 17827 17827 V ActivityScenario: Update currentActivityStage to STARTED, currentActivity=com.example.lunchtray.MainActivity@aabb1c1
07-16 22:14:46.406 17827 17827 V ActivityScenario: Update currentActivityStage to STARTED, currentActivity=com.example.lunchtray.MainActivity@aabb1c1
07-16 22:14:46.406 17827 17827 V ActivityScenario: Update currentActivityStage to STARTED, currentActivity=com.example.lunchtray.MainActivity@aabb1c1
07-16 22:14:46.407 17827 17827 D LifecycleMonitor: Lifecycle status change: com.example.lunchtray.MainActivity@aabb1c1 in: RESUMED
07-16 22:14:46.407 17827 17827 V ActivityScenario: Activity lifecycle changed event received but ignored because the intent does not match. startActivityIntent=Intent { act=android.intent.action.MAIN cat=[android.intent.category.LAUNCHER] cmp=com.example.lunchtray/androidx.fragment.app.testing.FragmentScenario$EmptyFragmentActivity (has extras) }, activity.getIntent()=Intent { act=android.intent.action.MAIN cat=[android.intent.category.LAUNCHER] cmp=com.example.lunchtray/.MainActivity }, activity=com.example.lunchtray.MainActivity@aabb1c1
07-16 22:14:46.408 17827 17827 V ActivityScenario: Update currentActivityStage to RESUMED, currentActivity=com.example.lunchtray.MainActivity@aabb1c1
07-16 22:14:46.408 17827 17827 V ActivityScenario: Update currentActivityStage to RESUMED, currentActivity=com.example.lunchtray.MainActivity@aabb1c1
07-16 22:14:46.408 17827 17827 V ActivityScenario: Update currentActivityStage to RESUMED, currentActivity=com.example.lunchtray.MainActivity@aabb1c1
07-16 22:14:46.408 17827 17827 V ActivityScenario: Update currentActivityStage to RESUMED, currentActivity=com.example.lunchtray.MainActivity@aabb1c1
07-16 22:14:46.409 17827 17827 V ActivityScenario: Update currentActivityStage to RESUMED, currentActivity=com.example.lunchtray.MainActivity@aabb1c1
07-16 22:14:46.419 17827 17827 D LifecycleMonitor: Lifecycle status change: androidx.test.core.app.InstrumentationActivityInvoker$BootstrapActivity@24082af in: STOPPED
07-16 22:14:46.419 17827 17827 V ActivityScenario: Activity lifecycle changed event received but ignored because the intent does not match. startActivityIntent=Intent { act=android.intent.action.MAIN cat=[android.intent.category.LAUNCHER] cmp=com.example.lunchtray/androidx.fragment.app.testing.FragmentScenario$EmptyFragmentActivity (has extras) }, activity.getIntent()=Intent { act=android.intent.action.MAIN cat=[android.intent.category.LAUNCHER] flg=0x10008000 cmp=com.example.lunchtray/androidx.test.core.app.InstrumentationActivityInvoker$BootstrapActivity (has extras) }, activity=androidx.test.core.app.InstrumentationActivityInvoker$BootstrapActivity@24082af
07-16 22:14:46.420 17827 17827 V ActivityScenario: Activity lifecycle changed event received but ignored because the intent does not match. startActivityIntent=Intent { act=android.intent.action.MAIN cat=[android.intent.category.LAUNCHER] cmp=com.example.lunchtray/.MainActivity }, activity.getIntent()=Intent { act=android.intent.action.MAIN cat=[android.intent.category.LAUNCHER] flg=0x10008000 cmp=com.example.lunchtray/androidx.test.core.app.InstrumentationActivityInvoker$BootstrapActivity (has extras) }, activity=androidx.test.core.app.InstrumentationActivityInvoker$BootstrapActivity@24082af
07-16 22:14:46.420 17827 17827 V ActivityScenario: Activity lifecycle changed event received but ignored because the intent does not match. startActivityIntent=Intent { act=android.intent.action.MAIN cat=[android.intent.category.LAUNCHER] cmp=com.example.lunchtray/.MainActivity }, activity.getIntent()=Intent { act=android.intent.action.MAIN cat=[android.intent.category.LAUNCHER] flg=0x10008000 cmp=com.example.lunchtray/androidx.test.core.app.InstrumentationActivityInvoker$BootstrapActivity (has extras) }, activity=androidx.test.core.app.InstrumentationActivityInvoker$BootstrapActivity@24082af
07-16 22:14:46.421 17827 17827 V ActivityScenario: Activity lifecycle changed event received but ignored because the intent does not match. startActivityIntent=Intent { act=android.intent.action.MAIN cat=[android.intent.category.LAUNCHER] cmp=com.example.lunchtray/.MainActivity }, activity.getIntent()=Intent { act=android.intent.action.MAIN cat=[android.intent.category.LAUNCHER] flg=0x10008000 cmp=com.example.lunchtray/androidx.test.core.app.InstrumentationActivityInvoker$BootstrapActivity (has extras) }, activity=androidx.test.core.app.InstrumentationActivityInvoker$BootstrapActivity@24082af
07-16 22:14:46.421 17827 17827 V ActivityScenario: Activity lifecycle changed event received but ignored because the intent does not match. startActivityIntent=Intent { act=android.intent.action.MAIN cat=[android.intent.category.LAUNCHER] cmp=com.example.lunchtray/.MainActivity }, activity.getIntent()=Intent { act=android.intent.action.MAIN cat=[android.intent.category.LAUNCHER] flg=0x10008000 cmp=com.example.lunchtray/androidx.test.core.app.InstrumentationActivityInvoker$BootstrapActivity (has extras) }, activity=androidx.test.core.app.InstrumentationActivityInvoker$BootstrapActivity@24082af
07-16 22:14:46.421 17827 17827 V ActivityScenario: Activity lifecycle changed event received but ignored because the intent does not match. startActivityIntent=Intent { act=android.intent.action.MAIN cat=[android.intent.category.LAUNCHER] cmp=com.example.lunchtray/.MainActivity }, activity.getIntent()=Intent { act=android.intent.action.MAIN cat=[android.intent.category.LAUNCHER] flg=0x10008000 cmp=com.example.lunchtray/androidx.test.core.app.InstrumentationActivityInvoker$BootstrapActivity (has extras) }, activity=androidx.test.core.app.InstrumentationActivityInvoker$BootstrapActivity@24082af
07-16 22:14:46.447   364   398 D goldfish-address-space: claimShared: Ask to claim region [0x3f9e5c000 0x3fa800000]
07-16 22:14:46.455   364   398 D goldfish-address-space: claimShared: Ask to claim region [0x3fa800000 0x3fb1a4000]
07-16 22:14:46.467   364   398 D goldfish-address-space: claimShared: Ask to claim region [0x3fb1a4000 0x3fbb48000]
07-16 22:14:46.480 10266 10295 I ActivityTaskManager: Displayed com.example.lunchtray/.MainActivity: +204ms
07-16 22:14:46.481 17827 17827 D RootViewPicker: Root not ready - waiting: 10ms for one to appear.
07-16 22:14:46.492 17827 17827 D RootViewPicker: Root not ready - waiting: 25ms for one to appear.
07-16 22:14:46.499 11042 11042 I GoogleInputMethodService: GoogleInputMethodService.onFinishInput():3420
07-16 22:14:46.500 11042 11042 I GoogleInputMethodService: GoogleInputMethodService.onStartInput():2002
07-16 22:14:46.509 11042 11042 I DeviceUnlockedTag: DeviceUnlockedTag.notifyDeviceLockStatusChanged():31 Notify device unlocked.
07-16 22:14:46.532 17827 17827 I ViewInteraction: Performing 'single click' action on view view.getId() is <2131231208/com.example.lunchtray:id/start_order_btn>
07-16 22:14:46.678 11321 11321 I A       : onApplyWindowInsets: systemWindowInsets=Insets{left=0, top=66, right=0, bottom=132}
07-16 22:14:46.679 11321 11321 I A       : onApplyWindowInsets: systemWindowInsets=Insets{left=0, top=66, right=0, bottom=132}
07-16 22:14:46.782 10266 10281 W InputManager-JNI: Input channel object 'c3d747d Splash Screen com.example.lunchtray (client)' was disposed without first being removed with the input manager!
07-16 22:14:46.879 17827 17827 I ViewInteraction: Performing 'single click' action on view view.getId() is <2131230844/com.example.lunchtray:id/cauliflower>
07-16 22:14:46.892 10472 10536 D EGL_emulation: app_time_stats: avg=31.02ms min=1.52ms max=570.33ms count=28
07-16 22:14:47.190 17827 17827 I ViewInteraction: Performing 'single click' action on view view.getId() is <2131231081/com.example.lunchtray:id/next_button>
07-16 22:14:47.540 17827 17827 I ViewInteraction: Performing 'single click' action on view view.getId() is <2131231138/com.example.lunchtray:id/salad>
07-16 22:14:47.594 17827 17854 D EGL_emulation: app_time_stats: avg=22.14ms min=2.14ms max=203.07ms count=44
07-16 22:14:47.845 17827 17827 I ViewInteraction: Performing 'single click' action on view view.getId() is <2131231081/com.example.lunchtray:id/next_button>
07-16 22:14:47.895 10472 10536 D EGL_emulation: app_time_stats: avg=2.48ms min=1.06ms max=3.75ms count=60
07-16 22:14:48.197 17827 17827 I ViewInteraction: Performing 'single click' action on view view.getId() is <2131230835/com.example.lunchtray:id/bread>
07-16 22:14:48.514 17827 17827 I ViewInteraction: Performing 'single click' action on view view.getId() is <2131231081/com.example.lunchtray:id/next_button>
07-16 22:14:48.608 17827 17854 D EGL_emulation: app_time_stats: avg=20.07ms min=10.35ms max=202.51ms count=50
07-16 22:14:48.860 17827 17827 I ViewInteraction: Checking 'MatchesViewAssertion{viewMatcher=an instance of android.widget.TextView and view.getText() with or without transformation to match: a string containing "Subtotal: $10.00"}' assertion on view view.getId() is <2131231217/com.example.lunchtray:id/subtotal>
07-16 22:14:48.865 17827 17827 I ViewInteraction: Checking 'MatchesViewAssertion{viewMatcher=an instance of android.widget.TextView and view.getText() with or without transformation to match: a string containing "Tax: $0.80"}' assertion on view view.getId() is <2131231233/com.example.lunchtray:id/tax>
07-16 22:14:48.870 17827 17827 I ViewInteraction: Checking 'MatchesViewAssertion{viewMatcher=an instance of android.widget.TextView and view.getText() with or without transformation to match: a string containing "Total: $10.80"}' assertion on view view.getId() is <2131231262/com.example.lunchtray:id/total>
07-16 22:14:48.871 17827 17852 I TestRunner: finished: subtotal_tax_total_in_checkout(com.example.lunchtray.OrderFunctionalityTests)
