07-08 18:07:32.024 17772 17793 I TestRunner: started: horizontal_list_button_is_displayed(com.example.dogglers.ButtonTests)
07-08 18:07:32.027 17772 17793 W Settings: Setting always_finish_activities has moved from android.provider.Settings.System to android.provider.Settings.Global, returning read-only value.
07-08 18:07:32.035   733   849 D SplashScreenView: Build android.window.SplashScreenView{5cef3bf V.E...... ......ID 0,0-0,0}
07-08 18:07:32.035   733   849 D SplashScreenView: Icon: view: null drawable: null size: 0
07-08 18:07:32.035   733   849 D SplashScreenView: Branding: view: android.view.View{c1c2a8c G.ED..... ......I. 0,0-0,0 #10204a6 android:id/splashscreen_branding_view} drawable: null size w: 0 h: 0
07-08 18:07:32.049 17772 17772 D LifecycleMonitor: Lifecycle status change: androidx.test.core.app.InstrumentationActivityInvoker$BootstrapActivity@575c69b in: PRE_ON_CREATE
07-08 18:07:32.049 17772 17772 V ActivityScenario: Activity lifecycle changed event received but ignored because the intent does not match. startActivityIntent=Intent { act=android.intent.action.MAIN cat=[android.intent.category.LAUNCHER] cmp=com.example.dogglers/.MainActivity }, activity.getIntent()=Intent { act=android.intent.action.MAIN cat=[android.intent.category.LAUNCHER] flg=0x10008000 cmp=com.example.dogglers/androidx.test.core.app.InstrumentationActivityInvoker$BootstrapActivity (has extras) }, activity=androidx.test.core.app.InstrumentationActivityInvoker$BootstrapActivity@575c69b
07-08 18:07:32.052 17772 17772 D LifecycleMonitor: Lifecycle status change: androidx.test.core.app.InstrumentationActivityInvoker$BootstrapActivity@575c69b in: CREATED
07-08 18:07:32.053 17772 17772 V ActivityScenario: Activity lifecycle changed event received but ignored because the intent does not match. startActivityIntent=Intent { act=android.intent.action.MAIN cat=[android.intent.category.LAUNCHER] cmp=com.example.dogglers/.MainActivity }, activity.getIntent()=Intent { act=android.intent.action.MAIN cat=[android.intent.category.LAUNCHER] flg=0x10008000 cmp=com.example.dogglers/androidx.test.core.app.InstrumentationActivityInvoker$BootstrapActivity (has extras) }, activity=androidx.test.core.app.InstrumentationActivityInvoker$BootstrapActivity@575c69b
07-08 18:07:32.053 17772 17772 D LifecycleMonitor: Lifecycle status change: androidx.test.core.app.InstrumentationActivityInvoker$BootstrapActivity@575c69b in: STARTED
07-08 18:07:32.054 17772 17772 V ActivityScenario: Activity lifecycle changed event received but ignored because the intent does not match. startActivityIntent=Intent { act=android.intent.action.MAIN cat=[android.intent.category.LAUNCHER] cmp=com.example.dogglers/.MainActivity }, activity.getIntent()=Intent { act=android.intent.action.MAIN cat=[android.intent.category.LAUNCHER] flg=0x10008000 cmp=com.example.dogglers/androidx.test.core.app.InstrumentationActivityInvoker$BootstrapActivity (has extras) }, activity=androidx.test.core.app.InstrumentationActivityInvoker$BootstrapActivity@575c69b
07-08 18:07:32.056   347   404 D goldfish-address-space: claimShared: Ask to claim region [0x3ec62c000 0x3ecfd0000]
07-08 18:07:32.058   347   404 D goldfish-address-space: claimShared: Ask to claim region [0x3ee318000 0x3eecbc000]
07-08 18:07:32.059   347   404 D goldfish-address-space: claimShared: Ask to claim region [0x3eecbc000 0x3ef660000]
07-08 18:07:32.060 17772 17772 D LifecycleMonitor: Lifecycle status change: androidx.test.core.app.InstrumentationActivityInvoker$BootstrapActivity@575c69b in: RESUMED
07-08 18:07:32.060 17772 17772 V ActivityScenario: Activity lifecycle changed event received but ignored because the intent does not match. startActivityIntent=Intent { act=android.intent.action.MAIN cat=[android.intent.category.LAUNCHER] cmp=com.example.dogglers/.MainActivity }, activity.getIntent()=Intent { act=android.intent.action.MAIN cat=[android.intent.category.LAUNCHER] flg=0x10008000 cmp=com.example.dogglers/androidx.test.core.app.InstrumentationActivityInvoker$BootstrapActivity (has extras) }, activity=androidx.test.core.app.InstrumentationActivityInvoker$BootstrapActivity@575c69b
07-08 18:07:32.062 17772 17772 D LifecycleMonitor: Lifecycle status change: androidx.test.core.app.InstrumentationActivityInvoker$BootstrapActivity@575c69b in: PAUSED
07-08 18:07:32.063 17772 17772 V ActivityScenario: Activity lifecycle changed event received but ignored because the intent does not match. startActivityIntent=Intent { act=android.intent.action.MAIN cat=[android.intent.category.LAUNCHER] cmp=com.example.dogglers/.MainActivity }, activity.getIntent()=Intent { act=android.intent.action.MAIN cat=[android.intent.category.LAUNCHER] flg=0x10008000 cmp=com.example.dogglers/androidx.test.core.app.InstrumentationActivityInvoker$BootstrapActivity (has extras) }, activity=androidx.test.core.app.InstrumentationActivityInvoker$BootstrapActivity@575c69b
07-08 18:07:32.073 17772 17772 D LifecycleMonitor: Lifecycle status change: com.example.dogglers.MainActivity@65ff64d in: PRE_ON_CREATE
07-08 18:07:32.073 17772 17772 V ActivityScenario: Activity lifecycle changed event received but ignored because the reported transition was not ON_CREATE while the last known transition was PRE_ON_CREATE
07-08 18:07:32.091 17772 17772 D LifecycleMonitor: Lifecycle status change: com.example.dogglers.MainActivity@65ff64d in: CREATED
07-08 18:07:32.092 17772 17772 V ActivityScenario: Update currentActivityStage to CREATED, currentActivity=com.example.dogglers.MainActivity@65ff64d
07-08 18:07:32.094 17772 17772 D LifecycleMonitor: Lifecycle status change: com.example.dogglers.MainActivity@65ff64d in: STARTED
07-08 18:07:32.094 17772 17772 V ActivityScenario: Update currentActivityStage to STARTED, currentActivity=com.example.dogglers.MainActivity@65ff64d
07-08 18:07:32.096 17772 17772 D LifecycleMonitor: Lifecycle status change: com.example.dogglers.MainActivity@65ff64d in: RESUMED
07-08 18:07:32.096 17772 17772 V ActivityScenario: Update currentActivityStage to RESUMED, currentActivity=com.example.dogglers.MainActivity@65ff64d
07-08 18:07:32.101 17772 17772 D LifecycleMonitor: Lifecycle status change: androidx.test.core.app.InstrumentationActivityInvoker$BootstrapActivity@575c69b in: STOPPED
07-08 18:07:32.101 17772 17772 V ActivityScenario: Activity lifecycle changed event received but ignored because the intent does not match. startActivityIntent=Intent { act=android.intent.action.MAIN cat=[android.intent.category.LAUNCHER] cmp=com.example.dogglers/.MainActivity }, activity.getIntent()=Intent { act=android.intent.action.MAIN cat=[android.intent.category.LAUNCHER] flg=0x10008000 cmp=com.example.dogglers/androidx.test.core.app.InstrumentationActivityInvoker$BootstrapActivity (has extras) }, activity=androidx.test.core.app.InstrumentationActivityInvoker$BootstrapActivity@575c69b
07-08 18:07:32.113   347   404 D goldfish-address-space: claimShared: Ask to claim region [0x3f5fa0000 0x3f6944000]
07-08 18:07:32.117   347   404 D goldfish-address-space: claimShared: Ask to claim region [0x3f6944000 0x3f72e8000]
07-08 18:07:32.118   347   404 D goldfish-address-space: claimShared: Ask to claim region [0x3f4000000 0x3f49a4000]
07-08 18:07:32.131   548   568 I ActivityTaskManager: Displayed com.example.dogglers/.MainActivity: +97ms
07-08 18:07:32.132 17772 17772 D RootViewPicker: Root not ready - waiting: 10ms for one to appear.
07-08 18:07:32.138  1417  1417 I GsaVoiceInteractionSrv: Handling ACTION_STOP_HOTWORD
07-08 18:07:32.139  1417  1417 E HwDetectorWithState: a: 3
07-08 18:07:32.145  1312  1312 I GoogleInputMethodService: GoogleInputMethodService.onFinishInput():3420
07-08 18:07:32.145  1312  1312 I GoogleInputMethodService: GoogleInputMethodService.onStartInput():2002
07-08 18:07:32.146  1312  1312 I DeviceUnlockedTag: DeviceUnlockedTag.notifyDeviceLockStatusChanged():31 Notify device unlocked.
07-08 18:07:32.175 17772 17772 I ViewInteraction: Checking 'MatchesViewAssertion{viewMatcher=(view has effective visibility <VISIBLE> and view.getGlobalVisibleRect() to return non-empty rectangle)}' assertion on view view.getId() is <2131230947/com.example.dogglers:id/horizontal_btn>
07-08 18:07:32.182 17772 17772 D LifecycleMonitor: Lifecycle status change: com.example.dogglers.MainActivity@65ff64d in: PAUSED
07-08 18:07:32.182 17772 17772 V ActivityScenario: Update currentActivityStage to PAUSED, currentActivity=com.example.dogglers.MainActivity@65ff64d
07-08 18:07:32.192 17772 17772 D LifecycleMonitor: Lifecycle status change: androidx.test.core.app.InstrumentationActivityInvoker$EmptyActivity@10d8b22 in: PRE_ON_CREATE
07-08 18:07:32.193 17772 17772 V ActivityScenario: Activity lifecycle changed event received but ignored because the intent does not match. startActivityIntent=Intent { act=android.intent.action.MAIN cat=[android.intent.category.LAUNCHER] cmp=com.example.dogglers/.MainActivity }, activity.getIntent()=Intent { act=android.intent.action.MAIN cat=[android.intent.category.LAUNCHER] flg=0x10000000 cmp=com.example.dogglers/androidx.test.core.app.InstrumentationActivityInvoker$EmptyActivity }, activity=androidx.test.core.app.InstrumentationActivityInvoker$EmptyActivity@10d8b22
07-08 18:07:32.196 17772 17772 D LifecycleMonitor: Lifecycle status change: androidx.test.core.app.InstrumentationActivityInvoker$EmptyActivity@10d8b22 in: CREATED
07-08 18:07:32.197 17772 17772 V ActivityScenario: Activity lifecycle changed event received but ignored because the intent does not match. startActivityIntent=Intent { act=android.intent.action.MAIN cat=[android.intent.category.LAUNCHER] cmp=com.example.dogglers/.MainActivity }, activity.getIntent()=Intent { act=android.intent.action.MAIN cat=[android.intent.category.LAUNCHER] flg=0x10000000 cmp=com.example.dogglers/androidx.test.core.app.InstrumentationActivityInvoker$EmptyActivity }, activity=androidx.test.core.app.InstrumentationActivityInvoker$EmptyActivity@10d8b22
07-08 18:07:32.197 17772 17772 D LifecycleMonitor: Lifecycle status change: androidx.test.core.app.InstrumentationActivityInvoker$EmptyActivity@10d8b22 in: STARTED
07-08 18:07:32.198 17772 17772 V ActivityScenario: Activity lifecycle changed event received but ignored because the intent does not match. startActivityIntent=Intent { act=android.intent.action.MAIN cat=[android.intent.category.LAUNCHER] cmp=com.example.dogglers/.MainActivity }, activity.getIntent()=Intent { act=android.intent.action.MAIN cat=[android.intent.category.LAUNCHER] flg=0x10000000 cmp=com.example.dogglers/androidx.test.core.app.InstrumentationActivityInvoker$EmptyActivity }, activity=androidx.test.core.app.InstrumentationActivityInvoker$EmptyActivity@10d8b22
07-08 18:07:32.199 17772 17772 D LifecycleMonitor: Lifecycle status change: androidx.test.core.app.InstrumentationActivityInvoker$EmptyActivity@10d8b22 in: RESUMED
07-08 18:07:32.199 17772 17772 V ActivityScenario: Activity lifecycle changed event received but ignored because the intent does not match. startActivityIntent=Intent { act=android.intent.action.MAIN cat=[android.intent.category.LAUNCHER] cmp=com.example.dogglers/.MainActivity }, activity.getIntent()=Intent { act=android.intent.action.MAIN cat=[android.intent.category.LAUNCHER] flg=0x10000000 cmp=com.example.dogglers/androidx.test.core.app.InstrumentationActivityInvoker$EmptyActivity }, activity=androidx.test.core.app.InstrumentationActivityInvoker$EmptyActivity@10d8b22
07-08 18:07:32.215   347   404 D goldfish-address-space: claimShared: Ask to claim region [0x3f49a4000 0x3f5348000]
07-08 18:07:32.217   347   404 D goldfish-address-space: claimShared: Ask to claim region [0x3f8000000 0x3f89a4000]
07-08 18:07:32.218   347   404 D goldfish-address-space: claimShared: Ask to claim region [0x3f89a4000 0x3f9348000]
07-08 18:07:32.223   548   568 I ActivityTaskManager: Displayed com.example.dogglers/androidx.test.core.app.InstrumentationActivityInvoker$EmptyActivity: +45ms
07-08 18:07:32.259 17772 17772 D LifecycleMonitor: Lifecycle status change: androidx.test.core.app.InstrumentationActivityInvoker$EmptyActivity@10d8b22 in: PAUSED
07-08 18:07:32.259 17772 17772 V ActivityScenario: Activity lifecycle changed event received but ignored because the intent does not match. startActivityIntent=Intent { act=android.intent.action.MAIN cat=[android.intent.category.LAUNCHER] cmp=com.example.dogglers/.MainActivity }, activity.getIntent()=Intent { act=android.intent.action.MAIN cat=[android.intent.category.LAUNCHER] flg=0x10000000 cmp=com.example.dogglers/androidx.test.core.app.InstrumentationActivityInvoker$EmptyActivity }, activity=androidx.test.core.app.InstrumentationActivityInvoker$EmptyActivity@10d8b22
07-08 18:07:32.266 17772 17772 D LifecycleMonitor: Lifecycle status change: androidx.test.core.app.InstrumentationActivityInvoker$BootstrapActivity@575c69b in: DESTROYED
07-08 18:07:32.266 17772 17772 V ActivityScenario: Activity lifecycle changed event received but ignored because the intent does not match. startActivityIntent=Intent { act=android.intent.action.MAIN cat=[android.intent.category.LAUNCHER] cmp=com.example.dogglers/.MainActivity }, activity.getIntent()=Intent { act=android.intent.action.MAIN cat=[android.intent.category.LAUNCHER] flg=0x10008000 cmp=com.example.dogglers/androidx.test.core.app.InstrumentationActivityInvoker$BootstrapActivity (has extras) }, activity=androidx.test.core.app.InstrumentationActivityInvoker$BootstrapActivity@575c69b
07-08 18:07:32.277 17772 17772 D LifecycleMonitor: Lifecycle status change: androidx.test.core.app.InstrumentationActivityInvoker$EmptyActivity@565bc2b in: PRE_ON_CREATE
07-08 18:07:32.277 17772 17772 V ActivityScenario: Activity lifecycle changed event received but ignored because the intent does not match. startActivityIntent=Intent { act=android.intent.action.MAIN cat=[android.intent.category.LAUNCHER] cmp=com.example.dogglers/.MainActivity }, activity.getIntent()=Intent { act=android.intent.action.MAIN cat=[android.intent.category.LAUNCHER] flg=0x10000000 cmp=com.example.dogglers/androidx.test.core.app.InstrumentationActivityInvoker$EmptyActivity }, activity=androidx.test.core.app.InstrumentationActivityInvoker$EmptyActivity@565bc2b
07-08 18:07:32.281 17772 17772 D LifecycleMonitor: Lifecycle status change: androidx.test.core.app.InstrumentationActivityInvoker$EmptyActivity@565bc2b in: CREATED
07-08 18:07:32.281 17772 17772 V ActivityScenario: Activity lifecycle changed event received but ignored because the intent does not match. startActivityIntent=Intent { act=android.intent.action.MAIN cat=[android.intent.category.LAUNCHER] cmp=com.example.dogglers/.MainActivity }, activity.getIntent()=Intent { act=android.intent.action.MAIN cat=[android.intent.category.LAUNCHER] flg=0x10000000 cmp=com.example.dogglers/androidx.test.core.app.InstrumentationActivityInvoker$EmptyActivity }, activity=androidx.test.core.app.InstrumentationActivityInvoker$EmptyActivity@565bc2b
07-08 18:07:32.282 17772 17772 D LifecycleMonitor: Lifecycle status change: androidx.test.core.app.InstrumentationActivityInvoker$EmptyActivity@565bc2b in: STARTED
07-08 18:07:32.282 17772 17772 V ActivityScenario: Activity lifecycle changed event received but ignored because the intent does not match. startActivityIntent=Intent { act=android.intent.action.MAIN cat=[android.intent.category.LAUNCHER] cmp=com.example.dogglers/.MainActivity }, activity.getIntent()=Intent { act=android.intent.action.MAIN cat=[android.intent.category.LAUNCHER] flg=0x10000000 cmp=com.example.dogglers/androidx.test.core.app.InstrumentationActivityInvoker$EmptyActivity }, activity=androidx.test.core.app.InstrumentationActivityInvoker$EmptyActivity@565bc2b
07-08 18:07:32.284 17772 17772 D LifecycleMonitor: Lifecycle status change: androidx.test.core.app.InstrumentationActivityInvoker$EmptyActivity@565bc2b in: RESUMED
07-08 18:07:32.284 17772 17772 V ActivityScenario: Activity lifecycle changed event received but ignored because the intent does not match. startActivityIntent=Intent { act=android.intent.action.MAIN cat=[android.intent.category.LAUNCHER] cmp=com.example.dogglers/.MainActivity }, activity.getIntent()=Intent { act=android.intent.action.MAIN cat=[android.intent.category.LAUNCHER] flg=0x10000000 cmp=com.example.dogglers/androidx.test.core.app.InstrumentationActivityInvoker$EmptyActivity }, activity=androidx.test.core.app.InstrumentationActivityInvoker$EmptyActivity@565bc2b
07-08 18:07:32.315   347   404 D goldfish-address-space: claimShared: Ask to claim region [0x3f9348000 0x3f9cec000]
07-08 18:07:32.317   347   404 D goldfish-address-space: claimShared: Ask to claim region [0x3f9cec000 0x3fa690000]
07-08 18:07:32.318   347   404 D goldfish-address-space: claimShared: Ask to claim region [0x3fa690000 0x3fb034000]
07-08 18:07:32.329   548   568 I ActivityTaskManager: Displayed com.example.dogglers/androidx.test.core.app.InstrumentationActivityInvoker$EmptyActivity: +100ms
07-08 18:07:32.335   347   404 D goldfish-address-space: claimShared: Ask to claim region [0x3f5348000 0x3f5974000]
07-08 18:07:32.347 17772 17772 D LifecycleMonitor: Lifecycle status change: androidx.test.core.app.InstrumentationActivityInvoker$EmptyActivity@565bc2b in: PAUSED
07-08 18:07:32.347 17772 17772 V ActivityScenario: Activity lifecycle changed event received but ignored because the intent does not match. startActivityIntent=Intent { act=android.intent.action.MAIN cat=[android.intent.category.LAUNCHER] cmp=com.example.dogglers/.MainActivity }, activity.getIntent()=Intent { act=android.intent.action.MAIN cat=[android.intent.category.LAUNCHER] flg=0x10000000 cmp=com.example.dogglers/androidx.test.core.app.InstrumentationActivityInvoker$EmptyActivity }, activity=androidx.test.core.app.InstrumentationActivityInvoker$EmptyActivity@565bc2b
07-08 18:07:32.351  1417  1417 I GsaVoiceInteractionSrv: Handling ACTION_START_HOTWORD
07-08 18:07:32.352  1417  1417 I GsaVoiceInteractionSrv: disregardVoiceMatch: false
07-08 18:07:32.352  1417  1417 I GsaVoiceInteractionSrv: Cannot start hotword, hotword has been explicitly disabled.
07-08 18:07:32.445   548   902 W InputManager-JNI: Input channel object 'c5addd2 Splash Screen com.example.dogglers (client)' was disposed without first being removed with the input manager!
07-08 18:07:32.509  1312  1312 I GoogleInputMethodService: GoogleInputMethodService.onFinishInput():3420
07-08 18:07:32.510  1312  1312 I GoogleInputMethodService: GoogleInputMethodService.onStartInput():2002
07-08 18:07:32.511  1312  1312 I DeviceUnlockedTag: DeviceUnlockedTag.notifyDeviceLockStatusChanged():31 Notify device unlocked.
07-08 18:07:32.609  1030  1668 D EGL_emulation: app_time_stats: avg=10.80ms min=0.87ms max=131.71ms count=34
07-08 18:07:32.753 17772 17772 D LifecycleMonitor: Lifecycle status change: androidx.test.core.app.InstrumentationActivityInvoker$EmptyActivity@565bc2b in: STOPPED
07-08 18:07:32.753 17772 17772 V ActivityScenario: Activity lifecycle changed event received but ignored because the intent does not match. startActivityIntent=Intent { act=android.intent.action.MAIN cat=[android.intent.category.LAUNCHER] cmp=com.example.dogglers/.MainActivity }, activity.getIntent()=Intent { act=android.intent.action.MAIN cat=[android.intent.category.LAUNCHER] flg=0x10000000 cmp=com.example.dogglers/androidx.test.core.app.InstrumentationActivityInvoker$EmptyActivity }, activity=androidx.test.core.app.InstrumentationActivityInvoker$EmptyActivity@565bc2b
07-08 18:07:32.756 17772 17772 D LifecycleMonitor: Lifecycle status change: androidx.test.core.app.InstrumentationActivityInvoker$EmptyActivity@565bc2b in: DESTROYED
07-08 18:07:32.756 17772 17772 V ActivityScenario: Activity lifecycle changed event received but ignored because the intent does not match. startActivityIntent=Intent { act=android.intent.action.MAIN cat=[android.intent.category.LAUNCHER] cmp=com.example.dogglers/.MainActivity }, activity.getIntent()=Intent { act=android.intent.action.MAIN cat=[android.intent.category.LAUNCHER] flg=0x10000000 cmp=com.example.dogglers/androidx.test.core.app.InstrumentationActivityInvoker$EmptyActivity }, activity=androidx.test.core.app.InstrumentationActivityInvoker$EmptyActivity@565bc2b
07-08 18:07:32.758   548  1962 W InputManager-JNI: Input channel object 'b17948c com.example.dogglers/androidx.test.core.app.InstrumentationActivityInvoker$EmptyActivity (client)' was disposed without first being removed with the input manager!
07-08 18:07:32.761 17772 17772 D LifecycleMonitor: Lifecycle status change: androidx.test.core.app.InstrumentationActivityInvoker$EmptyActivity@10d8b22 in: STOPPED
07-08 18:07:32.761 17772 17772 V ActivityScenario: Activity lifecycle changed event received but ignored because the intent does not match. startActivityIntent=Intent { act=android.intent.action.MAIN cat=[android.intent.category.LAUNCHER] cmp=com.example.dogglers/.MainActivity }, activity.getIntent()=Intent { act=android.intent.action.MAIN cat=[android.intent.category.LAUNCHER] flg=0x10000000 cmp=com.example.dogglers/androidx.test.core.app.InstrumentationActivityInvoker$EmptyActivity }, activity=androidx.test.core.app.InstrumentationActivityInvoker$EmptyActivity@10d8b22
07-08 18:07:32.762 17772 17772 D LifecycleMonitor: Lifecycle status change: androidx.test.core.app.InstrumentationActivityInvoker$EmptyActivity@10d8b22 in: DESTROYED
07-08 18:07:32.762 17772 17772 V ActivityScenario: Activity lifecycle changed event received but ignored because the intent does not match. startActivityIntent=Intent { act=android.intent.action.MAIN cat=[android.intent.category.LAUNCHER] cmp=com.example.dogglers/.MainActivity }, activity.getIntent()=Intent { act=android.intent.action.MAIN cat=[android.intent.category.LAUNCHER] flg=0x10000000 cmp=com.example.dogglers/androidx.test.core.app.InstrumentationActivityInvoker$EmptyActivity }, activity=androidx.test.core.app.InstrumentationActivityInvoker$EmptyActivity@10d8b22
07-08 18:07:32.764   548  1962 W InputManager-JNI: Input channel object '14e8acf com.example.dogglers/androidx.test.core.app.InstrumentationActivityInvoker$EmptyActivity (client)' was disposed without first being removed with the input manager!
07-08 18:07:32.767 17772 17772 D LifecycleMonitor: Lifecycle status change: com.example.dogglers.MainActivity@65ff64d in: STOPPED
07-08 18:07:32.767 17772 17772 V ActivityScenario: Update currentActivityStage to STOPPED, currentActivity=com.example.dogglers.MainActivity@65ff64d
07-08 18:07:32.768 17772 17772 D LifecycleMonitor: Lifecycle status change: com.example.dogglers.MainActivity@65ff64d in: DESTROYED
07-08 18:07:32.769 17772 17772 V ActivityScenario: Update currentActivityStage to DESTROYED, currentActivity=null
07-08 18:07:32.769 17772 17793 I TestRunner: finished: horizontal_list_button_is_displayed(com.example.dogglers.ButtonTests)
